\BOOKMARK [0][-]{chapter*.1}{\376\377\000R\000e\000m\000e\000r\000c\000i\000e\000m\000e\000n\000t\000s}{}% 1
\BOOKMARK [0][-]{chapter*.2}{\376\377\000R\000\351\000s\000u\000m\000\351}{}% 2
\BOOKMARK [-1][-]{part.1}{\376\377\000I\000\040\000C\000o\000n\000t\000e\000x\000t\000e\000\040\000e\000t\000\040\000p\000r\000o\000b\000l\000\351\000m\000a\000t\000i\000q\000u\000e}{}% 3
\BOOKMARK [0][-]{chapter.1}{\376\377\000I\000n\000t\000r\000o\000d\000u\000c\000t\000i\000o\000n}{part.1}% 4
\BOOKMARK [1][-]{section.1.1}{\376\377\000L\000e\000\040\000v\000i\000d\000e\000\040\000q\000u\000e\000\040\000c\000e\000\040\000m\000\351\000m\000o\000i\000r\000e\000\040\000c\000o\000m\000b\000l\000e}{chapter.1}% 5
\BOOKMARK [1][-]{section.1.2}{\376\377\000U\000n\000\040\000s\000e\000u\000l\000\040\000f\000i\000l\000,\000\040\000e\000n\000\040\000c\000i\000n\000q\000\040\000m\000o\000u\000v\000e\000m\000e\000n\000t\000s}{chapter.1}% 6
\BOOKMARK [1][-]{section.1.3}{\376\377\000C\000o\000n\000t\000r\000i\000b\000u\000t\000i\000o\000n\000\040\000e\000t\000\040\000p\000l\000a\000n}{chapter.1}% 7
\BOOKMARK [0][-]{chapter.2}{\376\377\000C\000a\000d\000r\000e\000\040\000r\000\351\000g\000l\000e\000m\000e\000n\000t\000a\000i\000r\000e}{part.1}% 8
\BOOKMARK [0][-]{chapter.3}{\376\377\000\311\000t\000a\000t\000\040\000d\000e\000\040\000l\000'\000a\000r\000t\000\040\000e\000t\000\040\000p\000o\000s\000i\000t\000i\000o\000n\000n\000e\000m\000e\000n\000t}{part.1}% 9
\BOOKMARK [1][-]{section.3.1}{\376\377\000L\000e\000\040\000m\000\351\000c\000a\000n\000i\000s\000m\000e\000,\000\040\000e\000t\000\040\000s\000a\000\040\000s\000i\000g\000n\000a\000t\000u\000r\000e}{chapter.3}% 10
\BOOKMARK [1][-]{section.3.2}{\376\377\000P\000o\000s\000i\000t\000i\000o\000n\000n\000e\000m\000e\000n\000t\000\040\000:\000\040\000p\000o\000u\000r\000q\000u\000o\000i\000\040\000l\000e\000\040\000m\000\351\000c\000a\000n\000i\000s\000m\000e\000\040\000e\000s\000t\000\040\000i\000r\000r\000\351\000d\000u\000c\000t\000i\000b\000l\000e}{chapter.3}% 11
\BOOKMARK [1][-]{section.3.3}{\376\377\000R\000e\000v\000u\000e\000\040\000d\000e\000\040\000l\000i\000t\000t\000\351\000r\000a\000t\000u\000r\000e\000,\000\040\000p\000a\000r\000\040\000t\000h\000\350\000m\000e}{chapter.3}% 12
\BOOKMARK [1][-]{section.3.4}{\376\377\000O\000\371\000\040\000s\000e\000\040\000s\000i\000t\000u\000e\000\040\000c\000e\000\040\000m\000\351\000m\000o\000i\000r\000e}{chapter.3}% 13
\BOOKMARK [-1][-]{part.2}{\376\377\000I\000I\000\040\000L\000e\000s\000\040\000d\000o\000n\000n\000\351\000e\000s\000\040\000e\000t\000\040\000l\000e\000u\000r\000s\000\040\000l\000i\000m\000i\000t\000e\000s}{}% 14
\BOOKMARK [0][-]{chapter.4}{\376\377\000D\000o\000n\000n\000\351\000e\000s\000\040\000e\000t\000\040\000l\000i\000m\000i\000t\000e\000s}{part.2}% 15
\BOOKMARK [1][-]{section.4.1}{\376\377\000C\000a\000r\000t\000o\000g\000r\000a\000p\000h\000i\000e\000\040\000d\000e\000s\000\040\000s\000o\000u\000r\000c\000e\000s\000\040\000e\000t\000\040\000d\000e\000\040\000l\000e\000u\000r\000s\000\040\000r\000\364\000l\000e\000s}{chapter.4}% 16
\BOOKMARK [1][-]{section.4.2}{\376\377\000T\000r\000o\000i\000s\000\040\000b\000i\000a\000i\000s\000\040\000s\000t\000a\000t\000i\000s\000t\000i\000q\000u\000e\000s\000\040\000\340\000\040\000d\000\351\000c\000l\000a\000r\000e\000r\000\040\000a\000v\000a\000n\000t\000\040\000t\000o\000u\000t\000\040\000u\000s\000a\000g\000e}{chapter.4}% 17
\BOOKMARK [1][-]{section.4.3}{\376\377\000L\000'\000h\000\351\000t\000\351\000r\000o\000g\000\351\000n\000\351\000i\000t\000\351\000\040\000t\000e\000m\000p\000o\000r\000e\000l\000l\000e\000\040\000e\000t\000\040\000l\000'\000a\000c\000t\000u\000a\000l\000i\000s\000a\000t\000i\000o\000n\000\040\000d\000e\000s\000\040\000s\000i\000n\000i\000s\000t\000r\000e\000s}{chapter.4}% 18
\BOOKMARK [1][-]{section.4.4}{\376\377\000L\000e\000s\000\040\000t\000r\000o\000i\000s\000\040\000f\000r\000\351\000q\000u\000e\000n\000c\000e\000s\000,\000\040\000e\000t\000\040\000l\000e\000\040\000s\000e\000u\000i\000l\000\040\000d\000e\000\040\000c\000o\000l\000l\000e\000c\000t\000e\000\040\000q\000u\000i\000\040\000l\000e\000s\000\040\000s\000\351\000p\000a\000r\000e}{chapter.4}% 19
\BOOKMARK [1][-]{section.4.5}{\376\377\000D\000e\000u\000x\000\040\000b\000i\000a\000i\000s\000\040\000d\000\351\000c\000l\000a\000r\000\351\000s\000\040\000e\000t\000\040\000l\000e\000u\000r\000\040\000e\000f\000f\000e\000t\000\040\000c\000h\000i\000f\000f\000r\000\351\000\040\000s\000u\000r\000\040\000l\000e\000\040\000r\000\351\000s\000u\000l\000t\000a\000t}{chapter.4}% 20
\BOOKMARK [1][-]{section.4.6}{\376\377\000H\000a\000c\000k\000m\000a\000g\000e\000d\000d\000o\000n\000\040\000:\000\040\000s\000t\000r\000u\000c\000t\000u\000r\000e\000\040\000d\000u\000\040\000r\000i\000s\000q\000u\000e\000,\000\040\000j\000a\000m\000a\000i\000s\000\040\000n\000i\000v\000e\000a\000u}{chapter.4}% 21
\BOOKMARK [1][-]{section.4.7}{\376\377\000O\000p\000R\000i\000s\000k\000\040\000G\000l\000o\000b\000a\000l\000\040\000:\000\040\000l\000a\000\040\000s\000\351\000v\000\351\000r\000i\000t\000\351\000\040\000e\000n\000\040\000e\000u\000r\000o\000s}{chapter.4}% 22
\BOOKMARK [1][-]{section.4.8}{\376\377\000P\000o\000r\000t\000\351\000e\000\040\000e\000t\000\040\000l\000i\000m\000i\000t\000e\000s\000\040\000d\000u\000\040\000d\000i\000s\000p\000o\000s\000i\000t\000i\000f\000\040\000d\000e\000\040\000d\000o\000n\000n\000\351\000e\000s}{chapter.4}% 23
\BOOKMARK [1][-]{section.4.9}{\376\377\000P\000o\000u\000r\000q\000u\000o\000i\000\040\000n\000e\000\040\000p\000a\000s\000\040\000m\000u\000l\000t\000i\000p\000l\000i\000e\000r\000\040\000l\000e\000s\000\040\000s\000o\000u\000r\000c\000e\000s}{chapter.4}% 24
\BOOKMARK [-1][-]{part.3}{\376\377\000I\000I\000I\000\040\000M\000o\000d\000\351\000l\000i\000s\000a\000t\000i\000o\000n}{}% 25
\BOOKMARK [0][-]{chapter.5}{\376\377\000L\000e\000\040\000s\000o\000c\000l\000e\000\040\000m\000\351\000c\000a\000n\000i\000s\000t\000e\000\040\000:\000\040\000f\000r\000\351\000q\000u\000e\000n\000c\000e\000\040\000e\000t\000\040\000s\000\351\000v\000\351\000r\000i\000t\000\351}{part.3}% 26
\BOOKMARK [1][-]{section.5.1}{\376\377\000L\000e\000s\000\040\000d\000e\000u\000x\000\040\000t\000h\000\351\000o\000r\000\350\000m\000e\000s\000\040\000q\000u\000i\000\040\000a\000u\000t\000o\000r\000i\000s\000e\000n\000t\000\040\000l\000'\000e\000x\000t\000r\000a\000p\000o\000l\000a\000t\000i\000o\000n\000\040\000d\000e\000\040\000q\000u\000e\000u\000e}{chapter.5}% 27
\BOOKMARK [1][-]{section.5.2}{\376\377\000E\000s\000t\000i\000m\000e\000r\000\040\000l\000'\000i\000n\000d\000i\000c\000e\000\040\000d\000e\000\040\000q\000u\000e\000u\000e\000,\000\040\000e\000t\000\040\000s\000a\000v\000o\000i\000r\000\040\000c\000e\000\040\000q\000u\000e\000\040\000v\000a\000u\000t\000\040\000l\000'\000e\000s\000t\000i\000m\000a\000t\000i\000o\000n}{chapter.5}% 28
\BOOKMARK [1][-]{section.5.3}{\376\377\000L\000a\000\040\000b\000r\000i\000q\000u\000e\000\040\000d\000e\000\040\000f\000r\000\351\000q\000u\000e\000n\000c\000e}{chapter.5}% 29
\BOOKMARK [2][-]{subsection.5.3.1}{\376\377\000L\000a\000\040\000d\000y\000n\000a\000m\000i\000q\000u\000e\000\040\000d\000u\000\040\000f\000a\000c\000t\000e\000u\000r\000\040\000s\000y\000s\000t\000\351\000m\000i\000q\000u\000e\000\040\000e\000t\000\040\000l\000a\000\040\000n\000\351\000c\000e\000s\000s\000i\000t\000\351\000\040\000d\000e\000\040\000d\000e\000u\000x\000\040\000\351\000c\000h\000e\000l\000l\000e\000s\000\040\000d\000'\000a\000l\000\351\000a}{section.5.3}% 30
\BOOKMARK [1][-]{section.5.4}{\376\377\000L\000a\000\040\000b\000r\000i\000q\000u\000e\000\040\000d\000e\000\040\000s\000\351\000v\000\351\000r\000i\000t\000\351\000,\000\040\000c\000a\000l\000i\000b\000r\000\351\000e\000\040\000s\000u\000r\000\040\000O\000p\000R\000i\000s\000k}{chapter.5}% 31
\BOOKMARK [1][-]{section.5.5}{\376\377\000H\000i\000l\000l\000\040\000c\000o\000n\000t\000r\000e\000\040\000m\000a\000x\000i\000m\000u\000m\000\040\000d\000e\000\040\000v\000r\000a\000i\000s\000e\000m\000b\000l\000a\000n\000c\000e\000\040\000:\000\040\000d\000e\000u\000x\000\040\000e\000s\000t\000i\000m\000a\000t\000e\000u\000r\000s\000\040\000c\000o\000n\000f\000r\000o\000n\000t\000\351\000s}{chapter.5}% 32
\BOOKMARK [1][-]{section.5.6}{\376\377\000V\000a\000l\000i\000d\000a\000t\000i\000o\000n\000\040\000e\000t\000\040\000a\000d\000\351\000q\000u\000a\000t\000i\000o\000n\000\040\000d\000u\000\040\000s\000o\000c\000l\000e}{chapter.5}% 33
\BOOKMARK [1][-]{section.5.7}{\376\377\000L\000e\000\040\000s\000o\000c\000l\000e\000\040\000h\000o\000r\000s\000\040\000\351\000c\000h\000a\000n\000t\000i\000l\000l\000o\000n\000\040\000:\000\040\000u\000n\000\040\000b\000a\000c\000k\000t\000e\000s\000t\000\040\000\340\000\040\000o\000r\000i\000g\000i\000n\000e\000\040\000g\000l\000i\000s\000s\000a\000n\000t\000e}{chapter.5}% 34
\BOOKMARK [0][-]{chapter.6}{\376\377\000L\000a\000\040\000c\000a\000s\000c\000a\000d\000e\000\040\000d\000i\000r\000i\000g\000\351\000e}{part.3}% 35
\BOOKMARK [1][-]{section.6.1}{\376\377\000L\000e\000\040\000p\000o\000i\000n\000t\000\040\000d\000e\000\040\000d\000\351\000p\000a\000r\000t\000\040\000:\000\040\000l\000e\000\040\000V\000a\000s\000i\000c\000e\000k\000\040\000\340\000\040\000u\000n\000\040\000f\000a\000c\000t\000e\000u\000r\000\040\000e\000t\000\040\000s\000e\000s\000\040\000l\000i\000m\000i\000t\000e\000s}{chapter.6}% 36
\BOOKMARK [1][-]{section.6.2}{\376\377\000G\000\351\000n\000\351\000r\000a\000l\000i\000s\000a\000t\000i\000o\000n\000\040\000A\000\040\000:\000\040\000l\000a\000\040\000s\000t\000r\000u\000c\000t\000u\000r\000e\000\040\000s\000y\000s\000t\000\351\000m\000i\000q\000u\000e\000\040\000d\000\351\000p\000e\000n\000d\000\040\000d\000u\000\040\000p\000i\000l\000i\000e\000r}{chapter.6}% 37
\BOOKMARK [1][-]{section.6.3}{\376\377\000G\000\351\000n\000\351\000r\000a\000l\000i\000s\000a\000t\000i\000o\000n\000\040\000B\000\040\000:\000\040\000l\000a\000\040\000p\000r\000o\000p\000a\000g\000a\000t\000i\000o\000n\000\040\000d\000i\000r\000i\000g\000\351\000e}{chapter.6}% 38
\BOOKMARK [1][-]{section.6.4}{\376\377\000L\000a\000\040\000n\000o\000r\000m\000a\000l\000i\000s\000a\000t\000i\000o\000n\000\040\000d\000e\000\040\000L\000e\000o\000n\000t\000i\000e\000f\000\040\000:\000\040\000u\000n\000e\000\040\000s\000t\000a\000b\000i\000l\000i\000t\000\351\000\040\000g\000a\000r\000a\000n\000t\000i\000e}{chapter.6}% 39
\BOOKMARK [1][-]{section.6.5}{\376\377\000L\000a\000\040\000c\000a\000s\000c\000a\000d\000e\000\040\000e\000s\000t\000\040\000u\000n\000\040\000p\000r\000o\000c\000e\000s\000s\000u\000s\000\040\000d\000e\000\040\000b\000r\000a\000n\000c\000h\000e\000m\000e\000n\000t}{chapter.6}% 40
\BOOKMARK [1][-]{section.6.6}{\376\377\000L\000e\000\040\000s\000e\000u\000i\000l\000\040\000K\000j\000\040\000:\000\040\000c\000e\000\040\000q\000u\000i\000\040\000r\000e\000m\000p\000l\000a\000c\000e\000\040\000-\0001\000\050\000P\000D\000\051}{chapter.6}% 41
\BOOKMARK [1][-]{section.6.7}{\376\377\000C\000a\000l\000i\000b\000r\000a\000t\000i\000o\000n\000\040\000e\000t\000\040\000f\000a\000i\000s\000a\000b\000i\000l\000i\000t\000\351}{chapter.6}% 42
\BOOKMARK [1][-]{section.6.8}{\376\377\000F\000o\000r\000m\000a\000l\000i\000s\000a\000t\000i\000o\000n\000\040\000:\000\040\000d\000\351\000f\000i\000n\000i\000t\000i\000o\000n\000s\000\040\000e\000t\000\040\000p\000r\000o\000p\000r\000i\000\351\000t\000\351\000s}{chapter.6}% 43
\BOOKMARK [1][-]{section.6.9}{\376\377\000V\000\351\000r\000i\000f\000i\000c\000a\000t\000i\000o\000n\000\040\000n\000u\000m\000\351\000r\000i\000q\000u\000e\000\040\000d\000e\000s\000\040\000t\000r\000o\000i\000s\000\040\000p\000r\000o\000p\000r\000i\000\351\000t\000\351\000s\000\040\000q\000u\000i\000\040\000p\000o\000r\000t\000e\000n\000t\000\040\000l\000'\000a\000r\000g\000u\000m\000e\000n\000t}{chapter.6}% 44
\BOOKMARK [0][-]{chapter.7}{\376\377\000L\000a\000\040\000c\000o\000n\000f\000o\000r\000m\000i\000t\000\351\000\040\000m\000u\000l\000t\000i\000-\000\351\000t\000a\000t\000s}{part.3}% 45
\BOOKMARK [1][-]{section.7.1}{\376\377\000L\000e\000\040\000p\000r\000i\000n\000c\000i\000p\000e\000\040\000d\000e\000s\000\040\000d\000e\000u\000x\000\040\000\351\000c\000h\000e\000l\000l\000e\000s\000\040\000d\000e\000\040\000t\000e\000m\000p\000s}{chapter.7}% 46
\BOOKMARK [1][-]{section.7.2}{\376\377\000L\000e\000\040\000V\000a\000s\000i\000c\000e\000k\000\040\000m\000u\000l\000t\000i\000-\000\351\000t\000a\000t\000s\000\040\000:\000\040\000l\000a\000t\000e\000n\000t\000e\000\040\000e\000t\000\040\000s\000e\000u\000i\000l\000s\000\040\000o\000r\000d\000o\000n\000n\000\351\000s}{chapter.7}% 47
\BOOKMARK [1][-]{section.7.3}{\376\377\000L\000e\000s\000\040\000t\000r\000o\000i\000s\000\040\000c\000a\000n\000a\000u\000x\000\040\000:\000\040\000c\000o\000m\000m\000e\000n\000t\000\040\000l\000'\000\351\000t\000a\000t\000\040\000p\000i\000l\000o\000t\000e\000\040\000l\000a\000\040\000c\000a\000s\000c\000a\000d\000e}{chapter.7}% 48
\BOOKMARK [1][-]{section.7.4}{\376\377\000L\000e\000s\000\040\000v\000a\000l\000e\000u\000r\000s\000\040\000d\000e\000\040\000g\000\040\000s\000o\000n\000t\000\040\000p\000o\000s\000\351\000e\000s\000,\000\040\000e\000t\000\040\000l\000a\000\040\000c\000o\000n\000c\000l\000u\000s\000i\000o\000n\000\040\000n\000'\000e\000n\000\040\000d\000\351\000p\000e\000n\000d\000\040\000p\000a\000s}{chapter.7}% 49
\BOOKMARK [1][-]{section.7.5}{\376\377\000L\000'\000\351\000t\000a\000t\000\040\000p\000a\000r\000\040\000p\000i\000l\000i\000e\000r}{chapter.7}% 50
\BOOKMARK [2][-]{subsection.7.5.1}{\376\377\000L\000a\000\040\000d\000\351\000p\000e\000n\000d\000a\000n\000c\000e\000\040\000e\000n\000t\000r\000e\000\040\000\351\000t\000a\000t\000s\000\040\000:\000\040\000s\000t\000r\000u\000c\000t\000u\000r\000e\000\040\000p\000o\000r\000t\000\351\000e\000\040\000e\000t\000\040\000s\000t\000r\000u\000c\000t\000u\000r\000e\000\040\000o\000m\000i\000s\000e}{section.7.5}% 51
\BOOKMARK [1][-]{section.7.6}{\376\377\000L\000a\000\040\000c\000h\000a\000\356\000n\000e\000\040\000d\000e\000\040\000M\000a\000r\000k\000o\000v\000\040\000e\000t\000\040\000l\000e\000s\000\040\000s\000\351\000j\000o\000u\000r\000s\000\040\000d\000e\000\040\000t\000y\000p\000e\000\040\000p\000h\000a\000s\000e}{chapter.7}% 52
\BOOKMARK [1][-]{section.7.7}{\376\377\000L\000e\000\040\000c\000o\000u\000p\000l\000a\000g\000e\000\040\000s\000y\000s\000t\000\351\000m\000i\000q\000u\000e\000\040\000e\000t\000\040\000l\000'\000a\000n\000a\000l\000o\000g\000i\000e\000\040\000d\000e\000\040\000c\000r\000\351\000d\000i\000t}{chapter.7}% 53
\BOOKMARK [0][-]{chapter.8}{\376\377\000L\000'\000i\000d\000e\000n\000t\000i\000f\000i\000a\000b\000i\000l\000i\000t\000\351\000\040\000d\000e\000\040\000l\000a\000\040\000c\000o\000n\000t\000a\000g\000i\000o\000n\000\040\000d\000i\000r\000i\000g\000\351\000e}{part.3}% 54
\BOOKMARK [1][-]{section.8.1}{\376\377\000C\000e\000\040\000q\000u\000'\000i\000d\000e\000n\000t\000i\000f\000i\000e\000r\000\040\000W\000\040\000e\000x\000i\000g\000e\000r\000a\000i\000t}{chapter.8}% 55
\BOOKMARK [1][-]{section.8.2}{\376\377\000T\000r\000o\000i\000s\000\040\000\351\000c\000h\000e\000c\000s\000,\000\040\000p\000o\000u\000r\000\040\000t\000r\000o\000i\000s\000\040\000r\000a\000i\000s\000o\000n\000s\000\040\000d\000i\000s\000t\000i\000n\000c\000t\000e\000s}{chapter.8}% 56
\BOOKMARK [1][-]{section.8.3}{\376\377\000P\000o\000u\000r\000q\000u\000o\000i\000\040\000l\000a\000\040\000d\000i\000r\000e\000c\000t\000i\000o\000n\000\040\000e\000s\000t\000\040\000i\000n\000i\000d\000e\000n\000t\000i\000f\000i\000a\000b\000l\000e\000\040\000:\000\040\000l\000a\000\040\000l\000e\000c\000t\000u\000r\000e\000\040\000p\000a\000r\000\040\000l\000a\000\040\000r\000\351\000v\000e\000r\000s\000i\000b\000i\000l\000i\000t\000\351}{chapter.8}% 57
\BOOKMARK [1][-]{section.8.4}{\376\377\000L\000a\000\040\000m\000e\000i\000l\000l\000e\000u\000r\000e\000\040\000e\000x\000p\000\351\000r\000i\000e\000n\000c\000e\000\040\000n\000a\000t\000u\000r\000e\000l\000l\000e\000\040\000d\000i\000s\000p\000o\000n\000i\000b\000l\000e\000\040\000:\000\040\000l\000e\000\040\000c\000h\000o\000c\000\040\000M\000O\000V\000E\000i\000t}{chapter.8}% 58
\BOOKMARK [1][-]{section.8.5}{\376\377\000C\000e\000\040\000q\000u\000'\000u\000n\000\040\000c\000o\000r\000p\000u\000s\000\040\000d\000o\000c\000u\000m\000e\000n\000t\000a\000i\000r\000e\000\040\000c\000o\000r\000r\000o\000b\000o\000r\000e}{chapter.8}% 59
\BOOKMARK [1][-]{section.8.6}{\376\377\000L\000e\000\040\000c\000o\000r\000p\000u\000s\000\040\000\351\000t\000e\000n\000d\000u\000,\000\040\000e\000t\000\040\000l\000a\000\040\000m\000a\000t\000r\000i\000c\000e\000\040\000o\000r\000d\000o\000n\000n\000\351\000e\000\040\000c\000o\000m\000p\000l\000\350\000t\000e}{chapter.8}% 60
\BOOKMARK [1][-]{section.8.7}{\376\377\000L\000e\000\040\000b\000i\000a\000i\000s\000\040\000d\000e\000\040\000n\000a\000r\000r\000a\000t\000i\000o\000n\000,\000\040\000m\000e\000s\000u\000r\000\351\000\040\000a\000u\000\040\000l\000i\000e\000u\000\040\000d\000'\000\352\000t\000r\000e\000\040\000d\000\351\000c\000l\000a\000r\000\351}{chapter.8}% 61
\BOOKMARK [1][-]{section.8.8}{\376\377\000L\000e\000s\000\040\000s\000\351\000q\000u\000e\000n\000c\000e\000s\000\040\000o\000r\000d\000o\000n\000n\000\351\000e\000s\000\040\000:\000\040\000u\000n\000e\000\040\000v\000o\000i\000e\000\040\000e\000x\000p\000l\000o\000r\000\351\000e\000\040\000e\000t\000\040\000r\000e\000f\000e\000r\000m\000\351\000e}{chapter.8}% 62
\BOOKMARK [1][-]{section.8.9}{\376\377\000L\000a\000\040\000f\000o\000r\000m\000a\000l\000i\000s\000a\000t\000i\000o\000n\000\040\000b\000a\000y\000\351\000s\000i\000e\000n\000n\000e\000,\000\040\000e\000t\000\040\000s\000a\000\040\000p\000r\000u\000d\000e\000n\000c\000e}{chapter.8}% 63
\BOOKMARK [1][-]{section.8.10}{\376\377\000L\000a\000\040\000f\000r\000o\000n\000t\000i\000\350\000r\000e\000,\000\040\000e\000n\000\040\000t\000r\000o\000i\000s\000\040\000n\000i\000v\000e\000a\000u\000x}{chapter.8}% 64
\BOOKMARK [-1][-]{part.4}{\376\377\000I\000V\000\040\000R\000\351\000s\000u\000l\000t\000a\000t\000s}{}% 65
\BOOKMARK [0][-]{chapter.9}{\376\377\000I\000d\000e\000n\000t\000i\000f\000i\000c\000a\000t\000i\000o\000n\000\040\000p\000a\000r\000t\000i\000e\000l\000l\000e\000\040\000e\000t\000\040\000b\000o\000r\000n\000e\000s\000\040\000d\000e\000\040\000c\000a\000p\000i\000t\000a\000l}{part.4}% 66
\BOOKMARK [1][-]{section.9.1}{\376\377\000L\000e\000\040\000m\000o\000d\000\350\000l\000e\000\040\000e\000n\000\040\000c\000o\000u\000c\000h\000e\000s}{chapter.9}% 67
\BOOKMARK [1][-]{section.9.2}{\376\377\000C\000e\000\040\000q\000u\000e\000\040\000l\000e\000\040\000c\000a\000p\000i\000t\000a\000l\000\040\000d\000e\000v\000i\000e\000n\000t}{chapter.9}% 68
\BOOKMARK [1][-]{section.9.3}{\376\377\000P\000o\000s\000e\000r\000\040\000W\000\040\000o\000u\000\040\000l\000e\000\040\000b\000o\000r\000n\000e\000r\000\040\000:\000\040\000l\000a\000\040\000c\000o\000m\000p\000a\000r\000a\000i\000s\000o\000n\000\040\000a\000v\000a\000n\000t\000\040\000\351\000l\000i\000c\000i\000t\000a\000t\000i\000o\000n}{chapter.9}% 69
\BOOKMARK [1][-]{section.9.4}{\376\377\000L\000e\000\040\000n\000i\000v\000e\000a\000u\000\040\000e\000s\000t\000\040\000i\000l\000l\000u\000s\000t\000r\000a\000t\000i\000f\000,\000\040\000l\000e\000\040\000r\000a\000p\000p\000o\000r\000t\000\040\000e\000s\000t\000\040\000l\000e\000\040\000r\000\351\000s\000u\000l\000t\000a\000t}{chapter.9}% 70
\BOOKMARK [1][-]{section.9.5}{\376\377\000L\000'\000\351\000c\000h\000e\000l\000l\000e\000\040\000d\000e\000\040\000r\000e\000p\000l\000i\000\040\000s\000u\000r\000\040\000l\000a\000\040\000d\000i\000r\000e\000c\000t\000i\000o\000n}{chapter.9}% 71
\BOOKMARK [0][-]{chapter.10}{\376\377\000R\000\351\000s\000u\000l\000t\000a\000t\000s}{part.4}% 72
\BOOKMARK [1][-]{section.10.1}{\376\377\000S\000C\000R\000\040\000p\000a\000r\000\040\000\351\000t\000a\000t\000\040\000d\000e\000\040\000c\000o\000n\000f\000o\000r\000m\000i\000t\000\351}{chapter.10}% 73
\BOOKMARK [1][-]{section.10.2}{\376\377\000D\000\351\000c\000o\000m\000p\000o\000s\000i\000t\000i\000o\000n\000\040\000p\000a\000r\000\040\000p\000i\000l\000i\000e\000r}{chapter.10}% 74
\BOOKMARK [1][-]{section.10.3}{\376\377\000A\000l\000l\000o\000c\000a\000t\000i\000o\000n\000\040\000d\000u\000\040\000c\000a\000p\000i\000t\000a\000l\000\040\000:\000\040\000S\000h\000a\000p\000l\000e\000y\000\040\000e\000t\000\040\000E\000u\000l\000e\000r}{chapter.10}% 75
\BOOKMARK [2][-]{subsection.10.3.1}{\376\377\000S\000h\000a\000p\000l\000e\000y\000\040\000:\000\040\000a\000t\000t\000r\000i\000b\000u\000e\000r\000\040\000l\000e\000\040\000s\000u\000r\000c\000o\000\373\000t\000,\000\040\000i\000n\000t\000e\000r\000a\000c\000t\000i\000o\000n\000\040\000c\000o\000m\000p\000r\000i\000s\000e}{section.10.3}% 76
\BOOKMARK [2][-]{subsection.10.3.2}{\376\377\000E\000u\000l\000e\000r\000\040\000:\000\040\000a\000l\000l\000o\000u\000e\000r\000\040\000l\000e\000\040\000n\000i\000v\000e\000a\000u\000,\000\040\000e\000t\000\040\000u\000n\000e\000\040\000l\000i\000m\000i\000t\000e\000\040\000d\000'\000e\000s\000t\000i\000m\000a\000t\000i\000o\000n\000\040\000a\000s\000s\000u\000m\000\351\000e}{section.10.3}% 77
\BOOKMARK [1][-]{section.10.4}{\376\377\000T\000r\000a\000j\000e\000c\000t\000o\000i\000r\000e\000\040\000d\000u\000\040\000c\000a\000p\000i\000t\000a\000l}{chapter.10}% 78
\BOOKMARK [1][-]{section.10.5}{\376\377\000P\000r\000i\000o\000r\000i\000s\000a\000t\000i\000o\000n\000\040\000d\000e\000\040\000l\000a\000\040\000r\000e\000m\000\351\000d\000i\000a\000t\000i\000o\000n}{chapter.10}% 79
\BOOKMARK [1][-]{section.10.6}{\376\377\000R\000o\000b\000u\000s\000t\000e\000s\000s\000e}{chapter.10}% 80
\BOOKMARK [1][-]{section.10.7}{\376\377\000L\000a\000\040\000s\000e\000n\000s\000i\000b\000i\000l\000i\000t\000\351\000\040\000a\000u\000x\000\040\000p\000r\000o\000b\000a\000b\000i\000l\000i\000t\000\351\000s\000\040\000d\000e\000\040\000p\000r\000o\000p\000a\000g\000a\000t\000i\000o\000n\000,\000\040\000p\000r\000i\000s\000e\000\040\000p\000o\000u\000r\000\040\000e\000l\000l\000e\000-\000m\000\352\000m\000e}{chapter.10}% 81
\BOOKMARK [1][-]{section.10.8}{\376\377\000C\000o\000m\000p\000a\000r\000a\000i\000s\000o\000n\000\040\000d\000e\000\040\000m\000o\000d\000\350\000l\000e\000s\000\040\000:\000\040\000l\000a\000\040\000d\000\351\000p\000e\000n\000d\000a\000n\000c\000e\000\040\000n\000'\000e\000s\000t\000\040\000p\000a\000s\000\040\000l\000e\000\040\000m\000\351\000c\000a\000n\000i\000s\000m\000e}{chapter.10}% 82
\BOOKMARK [1][-]{section.10.9}{\376\377\000M\000i\000s\000e\000\040\000e\000n\000\040\000r\000e\000g\000a\000r\000d\000\040\000r\000\351\000g\000l\000e\000m\000e\000n\000t\000a\000i\000r\000e}{chapter.10}% 83
\BOOKMARK [1][-]{section.10.10}{\376\377\000U\000n\000\040\000o\000r\000d\000r\000e\000\040\000d\000e\000\040\000g\000r\000a\000n\000d\000e\000u\000r\000\040\000\340\000\040\000l\000'\000\351\000p\000r\000e\000u\000v\000e\000\040\000d\000u\000\040\000r\000\351\000e\000l}{chapter.10}% 84
\BOOKMARK [1][-]{section.10.11}{\376\377\000Q\000u\000a\000t\000r\000e\000\040\000e\000n\000t\000i\000t\000\351\000s\000\040\000r\000\351\000e\000l\000l\000e\000s\000,\000\040\000e\000t\000\040\000l\000a\000\040\000b\000o\000r\000n\000e\000\040\000i\000n\000f\000\351\000r\000i\000e\000u\000r\000e\000\040\000d\000e\000\040\000l\000a\000\040\000m\000\351\000t\000h\000o\000d\000e}{chapter.10}% 85
\BOOKMARK [1][-]{section.10.12}{\376\377\000D\000\351\000t\000e\000n\000i\000r\000\040\000o\000u\000\040\000t\000r\000a\000n\000s\000f\000\351\000r\000e\000r\000\040\000:\000\040\000l\000e\000\040\000S\000C\000R\000\040\000c\000o\000n\000f\000r\000o\000n\000t\000\351\000\040\000a\000u\000\040\000p\000r\000i\000x\000\040\000d\000e\000\040\000m\000a\000r\000c\000h\000\351\000\040\000d\000u\000\040\000r\000i\000s\000q\000u\000e}{chapter.10}% 86
\BOOKMARK [-1][-]{part.5}{\376\377\000V\000\040\000R\000o\000b\000u\000s\000t\000e\000s\000s\000e\000,\000\040\000l\000i\000m\000i\000t\000e\000s\000\040\000e\000t\000\040\000p\000e\000r\000s\000p\000e\000c\000t\000i\000v\000e\000s}{}% 87
\BOOKMARK [0][-]{chapter.11}{\376\377\000R\000o\000b\000u\000s\000t\000e\000s\000s\000e\000\040\000e\000t\000\040\000i\000n\000c\000e\000r\000t\000i\000t\000u\000d\000e\000\040\000d\000u\000\040\000c\000h\000i\000f\000f\000r\000e\000\040\000r\000e\000p\000o\000r\000t\000\351}{part.5}% 88
\BOOKMARK [1][-]{section.11.1}{\376\377\000L\000'\000a\000r\000g\000u\000m\000e\000n\000t\000\040\000d\000e\000\040\000r\000o\000b\000u\000s\000t\000e\000s\000s\000e\000,\000\040\000e\000n\000\040\000u\000n\000e\000\040\000t\000a\000b\000l\000e}{chapter.11}% 89
\BOOKMARK [1][-]{section.11.2}{\376\377\000L\000e\000s\000\040\000t\000r\000o\000i\000s\000\040\000\351\000t\000a\000g\000e\000s\000\040\000d\000e\000\040\000l\000'\000i\000n\000c\000e\000r\000t\000i\000t\000u\000d\000e\000\040\000d\000u\000\040\000S\000C\000R}{chapter.11}% 90
\BOOKMARK [2][-]{subsection.11.2.1}{\376\377\000D\000e\000u\000x\000\040\000\351\000t\000a\000g\000e\000s\000\040\000s\000e\000\040\000c\000u\000m\000u\000l\000e\000n\000t\000\040\000d\000a\000n\000s\000\040\000l\000a\000\040\000b\000a\000n\000d\000e\000\040\000r\000e\000p\000o\000r\000t\000\351\000e\000,\000\040\000l\000e\000\040\000t\000r\000o\000i\000s\000i\000\350\000m\000e\000\040\000e\000n\000\040\000s\000o\000r\000t}{section.11.2}% 91
\BOOKMARK [1][-]{section.11.3}{\376\377\000D\000e\000\040\000l\000'\000i\000n\000c\000e\000r\000t\000i\000t\000u\000d\000e\000\040\000a\000u\000\040\000c\000h\000i\000f\000f\000r\000e\000\040\000r\000e\000p\000o\000r\000t\000\351\000\040\000:\000\040\000V\000a\000R\000\040\000p\000r\000\351\000d\000i\000c\000t\000i\000v\000e\000\040\000e\000t\000\040\000V\000a\000R\000\040\000r\000o\000b\000u\000s\000t\000e}{chapter.11}% 92
\BOOKMARK [1][-]{section.11.4}{\376\377\000U\000n\000\040\000d\000\351\000f\000a\000u\000t\000\040\000d\000e\000\040\000c\000a\000l\000i\000b\000r\000a\000t\000i\000o\000n\000,\000\040\000c\000h\000i\000f\000f\000r\000\351\000\040\000p\000l\000u\000t\000\364\000t\000\040\000q\000u\000e\000\040\000c\000o\000r\000r\000i\000g\000\351}{chapter.11}% 93
\BOOKMARK [1][-]{section.11.5}{\376\377\000D\000\351\000f\000a\000i\000l\000l\000a\000n\000c\000e\000s\000\040\000s\000i\000m\000u\000l\000t\000a\000n\000\351\000e\000s\000\040\000e\000t\000\040\000a\000d\000d\000i\000t\000i\000v\000i\000t\000\351\000\040\000d\000e\000s\000\040\000c\000o\000\373\000t\000s}{chapter.11}% 94
\BOOKMARK [0][-]{chapter.12}{\376\377\000L\000a\000\040\000d\000o\000n\000n\000\351\000e\000\040\000m\000a\000n\000q\000u\000a\000n\000t\000e\000\040\000c\000o\000m\000m\000e\000\040\000l\000i\000v\000r\000a\000b\000l\000e\000,\000\040\000h\000i\000\351\000r\000a\000r\000c\000h\000i\000s\000\351}{part.5}% 95
\BOOKMARK [1][-]{section.12.1}{\376\377\000C\000e\000\040\000q\000u\000'\000u\000n\000\040\000r\000e\000g\000i\000s\000t\000r\000e\000\040\000d\000e\000v\000r\000a\000i\000t\000\040\000c\000o\000n\000t\000e\000n\000i\000r}{chapter.12}% 96
\BOOKMARK [1][-]{section.12.2}{\376\377\000C\000e\000\040\000q\000u\000e\000\040\000c\000e\000t\000t\000e\000\040\000i\000n\000f\000o\000r\000m\000a\000t\000i\000o\000n\000\040\000v\000a\000u\000t\000,\000\040\000e\000n\000\040\000c\000a\000p\000i\000t\000a\000l}{chapter.12}% 97
\BOOKMARK [1][-]{section.12.3}{\376\377\000Q\000u\000e\000l\000l\000e\000\040\000d\000\351\000p\000e\000n\000d\000a\000n\000c\000e\000\040\000d\000o\000c\000u\000m\000e\000n\000t\000e\000r\000\040\000e\000n\000\040\000p\000r\000i\000o\000r\000i\000t\000\351}{chapter.12}% 98
\BOOKMARK [0][-]{chapter.13}{\376\377\000C\000o\000n\000c\000l\000u\000s\000i\000o\000n}{part.5}% 99
\BOOKMARK [1][-]{section.13.1}{\376\377\000C\000e\000\040\000q\000u\000i\000\040\000e\000s\000t\000\040\000\351\000t\000a\000b\000l\000i}{chapter.13}% 100
\BOOKMARK [1][-]{section.13.2}{\376\377\000C\000e\000\040\000q\000u\000i\000\040\000e\000s\000t\000\040\000d\000\351\000m\000o\000n\000t\000r\000\351\000\040\000c\000o\000m\000m\000e\000\040\000n\000o\000n\000\040\000m\000e\000s\000u\000r\000a\000b\000l\000e}{chapter.13}% 101
\BOOKMARK [1][-]{section.13.3}{\376\377\000C\000e\000\040\000q\000u\000i\000\040\000e\000n\000\040\000d\000\351\000c\000o\000u\000l\000e\000\040\000p\000o\000u\000r\000\040\000l\000e\000\040\000r\000\351\000g\000u\000l\000a\000t\000e\000u\000r}{chapter.13}% 102
\BOOKMARK [1][-]{section.13.4}{\376\377\000C\000e\000\040\000q\000u\000i\000\040\000e\000n\000\040\000d\000\351\000c\000o\000u\000l\000e\000\040\000p\000o\000u\000r\000\040\000l\000'\000e\000n\000t\000i\000t\000\351}{chapter.13}% 103
\BOOKMARK [1][-]{section.13.5}{\376\377\000L\000i\000m\000i\000t\000e\000s\000,\000\040\000s\000a\000n\000s\000\040\000d\000\351\000t\000o\000u\000r}{chapter.13}% 104
\BOOKMARK [1][-]{section.13.6}{\376\377\000O\000u\000v\000e\000r\000t\000u\000r\000e\000s}{chapter.13}% 105
\BOOKMARK [-1][-]{part.6}{\376\377\000V\000I\000\040\000L\000e\000\040\000s\000t\000a\000g\000e}{}% 106
\BOOKMARK [0][-]{chapter.14}{\376\377\000E\000n\000s\000e\000i\000g\000n\000e\000m\000e\000n\000t\000s\000\040\000d\000u\000\040\000s\000t\000a\000g\000e}{part.6}% 107
\BOOKMARK [1][-]{section.14.1}{\376\377\000L\000e\000\040\000c\000a\000d\000r\000e\000\040\000d\000e\000\040\000l\000a\000\040\000m\000i\000s\000s\000i\000o\000n\000\040\000e\000t\000\040\000s\000e\000s\000\040\000c\000o\000n\000t\000r\000a\000i\000n\000t\000e\000s}{chapter.14}% 108
\BOOKMARK [1][-]{section.14.2}{\376\377\000L\000e\000s\000\040\000e\000n\000s\000e\000i\000g\000n\000e\000m\000e\000n\000t\000s\000\040\000d\000e\000\040\000l\000'\000E\000N\000S\000A\000E\000\040\000m\000o\000b\000i\000l\000i\000s\000\351\000s}{chapter.14}% 109
\BOOKMARK [1][-]{section.14.3}{\376\377\000L\000a\000\040\000p\000a\000r\000t\000\040\000d\000e\000\040\000l\000'\000e\000n\000c\000a\000d\000r\000e\000m\000e\000n\000t\000\040\000e\000t\000\040\000d\000e\000s\000\040\000t\000i\000e\000r\000s}{chapter.14}% 110
\BOOKMARK [1][-]{section.14.4}{\376\377\000C\000e\000\040\000q\000u\000e\000\040\000j\000'\000e\000n\000\040\000r\000e\000t\000i\000e\000n\000s}{chapter.14}% 111
\BOOKMARK [1][-]{section.14.5}{\376\377\000C\000e\000\040\000q\000u\000e\000\040\000j\000e\000\040\000f\000e\000r\000a\000i\000s\000\040\000a\000u\000t\000r\000e\000m\000e\000n\000t}{chapter.14}% 112
\BOOKMARK [-1][-]{part*.192}{\376\377\000A\000n\000n\000e\000x\000e\000s}{}% 113
\BOOKMARK [0][-]{appendix.A}{\376\377\000D\000\351\000m\000o\000n\000s\000t\000r\000a\000t\000i\000o\000n\000s\000\040\000:\000\040\000l\000e\000\040\000m\000o\000d\000\350\000l\000e\000\040\000d\000e\000\040\000c\000a\000s\000c\000a\000d\000e}{part*.192}% 114
\BOOKMARK [0][-]{appendix.B}{\376\377\000D\000\351\000m\000o\000n\000s\000t\000r\000a\000t\000i\000o\000n\000s}{part*.192}% 115
\BOOKMARK [1][-]{section.B.1}{\376\377\000T\000h\000\351\000o\000r\000\350\000m\000e\000\040\000d\000e\000\040\000F\000i\000s\000h\000e\000r\000-\000T\000i\000p\000p\000e\000t\000t\000-\000G\000n\000e\000d\000e\000n\000k\000o}{appendix.B}% 116
\BOOKMARK [1][-]{section.B.2}{\376\377\000T\000h\000\351\000o\000r\000\350\000m\000e\000\040\000d\000e\000\040\000P\000i\000c\000k\000a\000n\000d\000s\000-\000B\000a\000l\000k\000e\000m\000a\000-\000d\000e\000\040\000H\000a\000a\000n}{appendix.B}% 117
\BOOKMARK [1][-]{section.B.3}{\376\377\000I\000n\000f\000o\000r\000m\000a\000t\000i\000o\000n\000\040\000d\000e\000\040\000F\000i\000s\000h\000e\000r\000\040\000e\000t\000\040\000n\000o\000r\000m\000a\000l\000i\000t\000\351\000\040\000a\000s\000y\000m\000p\000t\000o\000t\000i\000q\000u\000e\000\040\000d\000e\000\040\000l\000'\000E\000M\000V\000\040\000d\000e\000\040\000l\000a\000\040\000G\000P\000D}{appendix.B}% 118
\BOOKMARK [1][-]{section.B.4}{\376\377\000L\000o\000i\000\040\000a\000s\000y\000m\000p\000t\000o\000t\000i\000q\000u\000e\000\040\000d\000e\000\040\000l\000'\000e\000s\000t\000i\000m\000a\000t\000e\000u\000r\000\040\000d\000e\000\040\000H\000i\000l\000l}{appendix.B}% 119
\BOOKMARK [1][-]{section.B.5}{\376\377\000F\000o\000r\000m\000e\000s\000\040\000f\000e\000r\000m\000\351\000e\000s\000\040\000d\000u\000\040\000q\000u\000a\000n\000t\000i\000l\000e\000\040\000d\000e\000\040\000s\000\351\000v\000\351\000r\000i\000t\000\351\000\040\000e\000t\000\040\000d\000e\000\040\000s\000a\000\040\000m\000o\000y\000e\000n\000n\000e\000\040\000d\000e\000\040\000q\000u\000e\000u\000e\000\040\000s\000o\000u\000s\000\040\000G\000P\000D}{appendix.B}% 120
\BOOKMARK [0][-]{appendix.C}{\376\377\000A\000d\000a\000p\000t\000a\000t\000i\000o\000n\000s\000\040\000p\000a\000r\000\040\000p\000i\000l\000i\000e\000r}{part*.192}% 121
\BOOKMARK [1][-]{section.C.1}{\376\377\000L\000a\000\040\000q\000u\000e\000u\000e\000\040\000d\000e\000\040\000s\000\351\000v\000\351\000r\000i\000t\000\351\000\040\000p\000a\000r\000\040\000p\000i\000l\000i\000e\000r}{appendix.C}% 122
\BOOKMARK [1][-]{section.C.2}{\376\377\000L\000e\000\040\000p\000i\000l\000i\000e\000r\000\040\000d\000e\000s\000\040\000t\000i\000e\000r\000s\000\040\000c\000o\000m\000m\000e\000\040\000n\001\123\000u\000d\000\040\000d\000'\000a\000c\000c\000u\000m\000u\000l\000a\000t\000i\000o\000n}{appendix.C}% 123
\BOOKMARK [2][-]{subsection.C.2.1}{\376\377\000L\000e\000\040\000s\000e\000u\000i\000l\000\040\000d\000e\000\040\000d\000\351\000c\000l\000e\000n\000c\000h\000e\000m\000e\000n\000t\000,\000\040\000e\000t\000\040\000l\000'\000a\000c\000c\000u\000m\000u\000l\000a\000t\000i\000o\000n\000\040\000b\000o\000r\000n\000\351\000e\000\040\000p\000a\000r\000\040\000l\000a\000\040\000d\000\351\000p\000e\000n\000d\000a\000n\000c\000e\000\040\000d\000e\000\040\000q\000u\000e\000u\000e}{section.C.2}% 124
\BOOKMARK [2][-]{subsection.C.2.2}{\376\377\000L\000e\000\040\000d\000\351\000c\000l\000e\000n\000c\000h\000e\000m\000e\000n\000t\000\040\000c\000o\000m\000m\000e\000\040\000t\000e\000m\000p\000s\000\040\000d\000'\000a\000r\000r\000\352\000t}{section.C.2}% 125
\BOOKMARK [2][-]{subsection.C.2.3}{\376\377\000L\000e\000\040\000s\000o\000u\000s\000-\000p\000r\000o\000c\000e\000s\000s\000\040\000t\000i\000e\000r\000s\000\040\000s\000u\000r\000\040\000d\000o\000n\000n\000\351\000e\000\040\000o\000u\000v\000e\000r\000t\000e\000\040\000:\000\040\000c\000e\000\040\000q\000u\000'\000o\000n\000\040\000p\000e\000u\000t\000\040\000a\000n\000c\000r\000e\000r\000\040\000a\000v\000a\000n\000t\000\040\000l\000e\000\040\000r\000e\000g\000i\000s\000t\000r\000e}{section.C.2}% 126
\BOOKMARK [1][-]{section.C.3}{\376\377\000L\000a\000\040\000d\000\351\000t\000e\000c\000t\000i\000o\000n\000\040\000d\000e\000\040\000P\0002\000\040\000e\000t\000\040\000P\0003\000\040\000c\000o\000m\000m\000e\000\040\000c\000o\000u\000r\000b\000e\000\040\000d\000e\000\040\000s\000u\000r\000v\000i\000e}{appendix.C}% 127
\BOOKMARK [1][-]{section.C.4}{\376\377\000C\000a\000s\000\040\000d\000'\000u\000s\000a\000g\000e\000\040\000:\000\040\000d\000e\000s\000\040\000a\000d\000a\000p\000t\000a\000t\000i\000o\000n\000s\000\040\000a\000u\000x\000\040\000K\000P\000I\000\040\000p\000i\000l\000o\000t\000a\000b\000l\000e\000s}{appendix.C}% 128
\BOOKMARK [2][-]{subsection.C.4.1}{\376\377\000L\000e\000\040\000t\000e\000s\000t\000\040\000d\000e\000\040\000r\000\351\000s\000i\000s\000t\000a\000n\000c\000e\000\040\000i\000n\000v\000e\000r\000s\000\351}{section.C.4}% 129
\BOOKMARK [2][-]{subsection.C.4.2}{\376\377\000L\000e\000\040\000r\000e\000t\000o\000u\000r\000\040\000s\000u\000r\000\040\000i\000n\000v\000e\000s\000t\000i\000s\000s\000e\000m\000e\000n\000t\000\040\000d\000e\000\040\000l\000a\000\040\000c\000o\000n\000f\000o\000r\000m\000i\000t\000\351}{section.C.4}% 130
\BOOKMARK [1][-]{section.C.5}{\376\377\000C\000e\000\040\000q\000u\000i\000\040\000r\000e\000s\000t\000e\000\040\000e\000n\000\040\000p\000e\000r\000s\000p\000e\000c\000t\000i\000v\000e\000\040\000:\000\040\000P\0001\000\040\000e\000t\000\040\000P\0005}{appendix.C}% 131
\BOOKMARK [0][-]{appendix.D}{\376\377\000P\000i\000\350\000c\000e\000s\000\040\000j\000u\000s\000t\000i\000f\000i\000c\000a\000t\000i\000v\000e\000s}{part*.192}% 132
\BOOKMARK [1][-]{section.D.1}{\376\377\000L\000e\000\040\000d\000i\000s\000p\000o\000s\000i\000t\000i\000f\000\040\000d\000e\000\040\000v\000\351\000r\000i\000f\000i\000c\000a\000t\000i\000o\000n\000\040\000d\000e\000s\000\040\000n\000o\000m\000b\000r\000e\000s\000\040\000p\000u\000b\000l\000i\000\351\000s}{appendix.D}% 133
\BOOKMARK [1][-]{section.D.2}{\376\377\000R\000\351\000c\000o\000n\000c\000i\000l\000i\000a\000t\000i\000o\000n\000\040\000d\000u\000\040\000s\000o\000c\000l\000e\000\040\000e\000t\000\040\000d\000e\000\040\000l\000'\000\351\000t\000a\000t\000\040\000c\000o\000n\000f\000o\000r\000m\000e}{appendix.D}% 134
\BOOKMARK [1][-]{section.D.3}{\376\377\000L\000'\000i\000n\000t\000e\000r\000v\000a\000l\000l\000e\000\040\000P\000R\000C\000\040\000t\000i\000e\000n\000t\000\040\000q\000u\000a\000n\000d\000\040\000o\000n\000\040\000c\000e\000s\000s\000e\000\040\000d\000e\000\040\000c\000r\000o\000i\000r\000e\000\040\000l\000a\000\040\000c\000o\000n\000v\000e\000r\000s\000i\000o\000n\000\040\000e\000x\000a\000c\000t\000e}{appendix.D}% 135
\BOOKMARK [1][-]{section.D.4}{\376\377\000T\000a\000b\000l\000e\000a\000u\000\040\000d\000e\000s\000\040\000p\000a\000r\000a\000m\000\350\000t\000r\000e\000s\000\040\000n\000o\000n\000\040\000c\000a\000l\000i\000b\000r\000\351\000s\000\040\000e\000t\000\040\000d\000e\000\040\000l\000e\000u\000r\000\040\000s\000e\000n\000s\000i\000b\000i\000l\000i\000t\000\351}{appendix.D}% 136
\BOOKMARK [1][-]{section.D.5}{\376\377\000L\000e\000s\000\040\000h\000y\000p\000o\000t\000h\000\350\000s\000e\000s\000\040\000h\000o\000r\000s\000\040\000t\000o\000r\000n\000a\000d\000o\000\040\000e\000t\000\040\000l\000e\000u\000r\000\040\000a\000x\000e\000\040\000d\000e\000\040\000s\000t\000r\000e\000s\000s}{appendix.D}% 137
\BOOKMARK [1][-]{section.D.6}{\376\377\000P\000o\000r\000t\000\351\000e\000\040\000e\000t\000\040\000a\000n\000g\000l\000e\000s\000\040\000m\000o\000r\000t\000s\000\040\000d\000e\000\040\000c\000h\000a\000q\000u\000e\000\040\000p\000r\000o\000x\000y}{appendix.D}% 138
\BOOKMARK [1][-]{section.D.7}{\376\377\000L\000a\000\040\000C\000T\000E\000\040\000a\000u\000\040\000n\000i\000v\000e\000a\000u\000\040\000a\000g\000r\000\351\000g\000\351\000,\000\040\000e\000t\000\040\000\340\000\040\000q\000u\000e\000l\000\040\000n\000i\000v\000e\000a\000u\000\040\000e\000l\000l\000e\000\040\000\351\000g\000a\000l\000e\000\040\000l\000a\000\040\000V\000a\000R\000\040\000r\000\351\000g\000l\000e\000m\000e\000n\000t\000a\000i\000r\000e}{appendix.D}% 139
\BOOKMARK [1][-]{section.D.8}{\376\377\000L\000e\000\040\000n\000i\000v\000e\000a\000u\000\040\000d\000e\000\040\000l\000'\000i\000n\000t\000e\000r\000v\000a\000l\000l\000e\000\040\000r\000e\000p\000o\000r\000t\000\351\000\040\000:\000\040\000d\000e\000\040\0009\0000\000\040\000\340\000\040\0009\0005\000\040\000p\000o\000u\000r\000\040\000c\000e\000n\000t}{appendix.D}% 140
\BOOKMARK [1][-]{section.D.9}{\376\377\000M\000a\000r\000t\000i\000n\000g\000a\000l\000i\000s\000a\000t\000i\000o\000n\000,\000\040\000t\000e\000s\000t\000s\000\040\000c\000o\000n\000d\000u\000i\000t\000s\000\040\000e\000t\000\040\000t\000e\000s\000t\000s\000\040\000i\000m\000p\000o\000s\000s\000i\000b\000l\000e\000s}{appendix.D}% 141
\BOOKMARK [1][-]{section.D.10}{\376\377\000L\000a\000\040\000s\000t\000r\000u\000c\000t\000u\000r\000e\000\040\000d\000e\000\040\000l\000a\000\040\000d\000\351\000p\000e\000n\000d\000a\000n\000c\000e\000\040\000e\000n\000t\000r\000e\000\040\000\351\000t\000a\000t\000s\000\040\000e\000t\000\040\000s\000o\000n\000\040\000a\000b\000s\000e\000n\000c\000e\000\040\000d\000'\000e\000f\000f\000e\000t}{appendix.D}% 142
\BOOKMARK [1][-]{section.D.11}{\376\377\000D\000\351\000f\000a\000i\000l\000l\000a\000n\000c\000e\000s\000\040\000s\000i\000m\000u\000l\000t\000a\000n\000\351\000e\000s\000\040\000e\000t\000\040\000c\000o\000\373\000t\000\040\000d\000e\000\040\000l\000'\000a\000d\000d\000i\000t\000i\000v\000i\000t\000\351}{appendix.D}% 143
\BOOKMARK [1][-]{section.D.12}{\376\377\000D\000e\000u\000x\000\040\000c\000o\000r\000r\000e\000c\000t\000i\000o\000n\000s\000\040\000d\000'\000i\000n\000s\000t\000r\000u\000m\000e\000n\000t\000\040\000:\000\040\000l\000e\000\040\000t\000o\000r\000n\000a\000d\000o\000\040\000e\000t\000\040\000l\000'\000o\000b\000j\000e\000t\000\040\000d\000e\000\040\000l\000'\000i\000n\000v\000a\000r\000i\000a\000n\000c\000e}{appendix.D}% 144
\BOOKMARK [1][-]{section.D.13}{\376\377\000L\000e\000\040\000p\000l\000a\000f\000o\000n\000d\000\040\000d\000e\000\040\000s\000\351\000v\000\351\000r\000i\000t\000\351\000,\000\040\000m\000e\000s\000u\000r\000\351\000\040\000s\000u\000r\000\040\000l\000e\000s\000\040\000q\000u\000a\000t\000r\000e\000\040\000b\000i\000l\000a\000n\000s\000\040\000r\000\351\000e\000l\000s}{appendix.D}% 145
\BOOKMARK [1][-]{section.D.14}{\376\377\000L\000e\000s\000\040\000d\000e\000u\000x\000\040\000h\000o\000r\000l\000o\000g\000e\000s\000\040\000d\000u\000\040\000m\000o\000d\000\350\000l\000e\000\040\000e\000t\000\040\000l\000e\000\040\000c\000o\000\373\000t\000\040\000d\000e\000\040\000l\000e\000u\000r\000\040\000s\000\351\000p\000a\000r\000a\000t\000i\000o\000n}{appendix.D}% 146
\BOOKMARK [1][-]{section.D.15}{\376\377\000L\000e\000\040\000p\000l\000a\000f\000o\000n\000d\000\040\000e\000t\000\040\000l\000a\000\040\000s\000a\000t\000u\000r\000a\000t\000i\000o\000n\000,\000\040\000m\000e\000s\000u\000r\000\351\000s\000\040\000c\000o\000n\000j\000o\000i\000n\000t\000e\000m\000e\000n\000t}{appendix.D}% 147
\BOOKMARK [1][-]{section.D.16}{\376\377\000L\000e\000s\000\040\000s\000\351\000q\000u\000e\000n\000c\000e\000s\000\040\000o\000r\000d\000o\000n\000n\000\351\000e\000s\000\040\000d\000u\000\040\000c\000o\000r\000p\000u\000s\000\040\000e\000t\000\040\000l\000e\000u\000r\000\040\000a\000b\000s\000e\000n\000c\000e\000\040\000d\000e\000\040\000p\000o\000u\000v\000o\000i\000r\000\040\000i\000d\000e\000n\000t\000i\000f\000i\000a\000n\000t}{appendix.D}% 148
\BOOKMARK [0][-]{appendix.E}{\376\377\000L\000e\000\040\000p\000r\000o\000t\000o\000c\000o\000l\000e\000\040\000d\000'\000\351\000l\000i\000c\000i\000t\000a\000t\000i\000o\000n\000,\000\040\000p\000r\000\351\000p\000a\000r\000\351\000\040\000e\000t\000\040\000n\000o\000n\000\040\000e\000x\000\351\000c\000u\000t\000\351}{part*.192}% 149
\BOOKMARK [1][-]{section.E.1}{\376\377\000L\000a\000\040\000m\000\351\000t\000h\000o\000d\000e\000\040\000d\000e\000\040\000C\000o\000o\000k\000e\000,\000\040\000e\000n\000\040\000q\000u\000a\000t\000r\000e\000\040\000t\000e\000m\000p\000s}{appendix.E}% 150
\BOOKMARK [1][-]{section.E.2}{\376\377\000L\000e\000\040\000p\000r\000o\000t\000o\000c\000o\000l\000e\000\040\000c\000o\000n\000s\000t\000r\000u\000i\000t\000\040\000p\000o\000u\000r\000\040\000l\000a\000\040\000m\000a\000t\000r\000i\000c\000e\000\040\000d\000e\000\040\000c\000o\000n\000t\000a\000g\000i\000o\000n}{appendix.E}% 151
\BOOKMARK [1][-]{section.E.3}{\376\377\000P\000o\000u\000r\000q\000u\000o\000i\000\040\000i\000l\000\040\000n\000'\000a\000\040\000p\000a\000s\000\040\000\351\000t\000\351\000\040\000e\000x\000\351\000c\000u\000t\000\351}{appendix.E}% 152
\BOOKMARK [1][-]{section.E.4}{\376\377\000C\000e\000\040\000q\000u\000i\000\040\000l\000e\000\040\000r\000e\000m\000p\000l\000a\000c\000e}{appendix.E}% 153
\BOOKMARK [1][-]{section.E.5}{\376\377\000L\000a\000\040\000r\000e\000l\000e\000c\000t\000u\000r\000e\000\040\000d\000e\000\040\000p\000r\000a\000t\000i\000c\000i\000e\000n\000\040\000e\000t\000\040\000s\000o\000n\000\040\000r\000\351\000s\000u\000l\000t\000a\000t}{appendix.E}% 154
\BOOKMARK [1][-]{section.E.6}{\376\377\000L\000e\000\040\000c\000o\000\373\000t\000\040\000d\000e\000\040\000l\000a\000\040\000d\000\351\000c\000i\000s\000i\000o\000n\000\040\000e\000t\000\040\000s\000a\000\040\000r\000\351\000v\000e\000r\000s\000i\000b\000i\000l\000i\000t\000\351}{appendix.E}% 155
\BOOKMARK [0][-]{appendix.F}{\376\377\000T\000a\000b\000l\000e\000\040\000d\000e\000s\000\040\000n\000o\000t\000a\000t\000i\000o\000n\000s}{part*.192}% 156
\BOOKMARK [0][-]{appendix*.253}{\376\377\000N\000o\000t\000e\000\040\000d\000e\000\040\000s\000y\000n\000t\000h\000\350\000s\000e\000\040\000\050\000f\000r\000a\000n\000\347\000a\000i\000s\000\051}{part*.192}% 157
\BOOKMARK [0][-]{appendix*.254}{\376\377\000N\000o\000t\000e\000\040\000d\000e\000\040\000s\000y\000n\000t\000h\000\350\000s\000e\000\040\000\050\000E\000n\000g\000l\000i\000s\000h\000\051}{part*.192}% 158
